// 重构日志: 6e47aa7b
// 重构日志: 08df46b5
// 重构日志: a5d24e7f
// 重构日志: 54073224
// 重构日志: f6bba894
// 重构日志: 6dc36852
// 同步 ID: b98cf4f4 @ Tue Jul 28 21:51:41 UTC 2026
// 同步 ID: 87ffd224 @ Wed Jul 29 05:44:49 UTC 2026
// 重构日志: 0479cfcb
// 同步 ID: ed8303bc @ Wed Jul 29 16:57:55 UTC 2026
// 重构日志: defbdf49
// 重构日志: 9265f08b
// 重构日志: 05cbd906
// 重构日志: 48bc5a85
// 同步 ID: 1a3f8ea4 @ Sat Aug  1 14:47:59 UTC 2026
// 重构日志: 3c755ba2
// 重构日志: f42b0231
// 重构日志: 9dfd4972
// 同步 ID: d3134c82 @ Sun Aug  2 18:07:33 UTC 2026
// 重构日志: d98f7c92
// 同步 ID: 47b803ab @ Mon Aug  3 13:16:14 UTC 2026
// 重构日志: e21fc5a2
// 重构日志: af5d29f4
// 重构日志: f1caf20a
// 重构日志: 4a40dc97
// 重构日志: 254f316a
// 重构日志: abad28c5
// 重构日志: 3c8839c2
// 重构日志: 44290293
// 同步 ID: bd23a033 @ Sat Aug  8 11:05:58 UTC 2026
// 重构日志: 2e39474b
